Resolving dependencies in `Z:\Code\Personal\CopyPaste`...
Downloading packages...
  _fe_analyzer_shared 93.0.0 (100.0.0 available)
  analyzer 10.0.1 (13.0.0 available)
  build_runner 2.13.1 (2.14.0 available)
  cli_util 0.4.2 (0.5.0 available)
  dart_style 3.1.7 (3.1.8 available)
  file_picker 10.3.10 (11.0.2 available)
  hooks 1.0.2 (1.0.3 available)
  meta 1.17.0 (1.18.2 available)
  native_toolchain_c 0.17.6 (0.18.0 available)
  sqlite3_flutter_libs 0.5.42 (0.6.0+eol available)
  test 1.30.0 (1.31.0 available)
  test_api 0.7.10 (0.7.11 available)
  test_core 0.6.16 (0.6.17 available)
  vector_math 2.2.0 (2.3.0 available)
  win32 5.15.0 (6.1.0 available)
Got dependencies in `Z:\Code\Personal\CopyPaste`!
15 packages have newer versions incompatible with dependency constraints.
Try `flutter pub outdated` for more information.

Oops; flutter has exited unexpectedly: "PathExistsException: Cannot copy file to 'Z:\Code\Personal\CopyPaste\app\build\native_assets\windows\sqlite3.dll', path = 'Z:\Code\Personal\CopyPaste\.dart_tool\hooks_runner\shared\sqlite3\build\download-41b7e2c\sqlite3.dll' (OS Error: No se puede crear un archivo que ya existe, errno = 183)".
A crash report has been written to Z:\Code\Personal\CopyPaste\app\flutter_12.log
This crash may already be reported. Check GitHub for similar crashes.
https://github.com/flutter/flutter/issues?q=is%3Aissue+PathExistsException%3A+Cannot+copy+file+to+%27Z%3A%5CCode%5CPersonal%5CCopyPaste%5Capp%5Cbuild%5Cnative_assets%5Cwindows%5Csqlite3.dll%27%2C+path+%3D+%27Z%3A%5CCode%5CPersonal%5CCopyPaste%5C.dart_tool%5Chooks_runner%5Cshared%5Csqlite3%5Cbuild%5Cdownload-41b7e2c%5Csqlite3.dll%27+%28OS+Error%3A+No+se+puede+crear+un+archivo+que+ya+existe%2C+errno+%3D+183%29

To report your crash to the Flutter team, first read the guide to filing a bug.
https://flutter.dev/to/report-bugs

Create a new GitHub issue by pasting this link into your browser and completing the issue template. Thank you!
https://github.com/flutter/flutter/issues/new?title=%5Btool_crash%5D+FileSystemException%3A+Cannot+copy+file+to+%27Z%3A%5CCode%5CPersonal%5CCopyPaste%5Capp%5Cbuild%5Cnative_assets%5Cwindows%5Csqlite3.dll%27%2C+OS+Error%3A+No+se+puede+crear+un+archivo+que+ya+existe%2C+errno+%3D+183&body=%23%23+Command%0A%60%60%60sh%0Aflutter+test%0A%60%60%60%0A%0A%23%23+Steps+to+Reproduce%0A1.+...%0A2.+...%0A3.+...%0A%0A%23%23+Logs%0AFileSystemException%3A+Cannot+copy+file+to+%27Z%3A%5CCode%5CPersonal%5CCopyPaste%5Capp%5Cbuild%5Cnative_assets%5Cwindows%5Csqlite3.dll%27%2C+OS+Error%3A+No+se+puede+crear+un+archivo+que+ya+existe%2C+errno+%3D+183%0A%60%60%60console%0A%230++++++_checkForErrorResponse+%28dart%3Aio%2Fcommon.dart%3A58%3A9%29%0A%231++++++_File.copy.%3Canonymous+closure%3E+%28dart%3Aio%2Ffile_impl.dart%3A406%3A7%29%0A%232++++++_rootRunUnary+%28dart%3Aasync%2Fzone_root.dart%3A48%3A47%29%0A%233++++++_CustomZone.runUnary+%28dart%3Aasync%2Fzone.dart%3A733%3A19%29%0A%3Casynchronous+suspension%3E%0A%234++++++ForwardingFile.copy+%28package%3Afile%2Fsrc%2Fforwarding%2Fforwarding_file.dart%3A29%3A51%29%0A%3Casynchronous+suspension%3E%0A%235++++++ForwardingFile.copy+%28package%3Afile%2Fsrc%2Fforwarding%2Fforwarding_file.dart%3A29%3A51%29%0A%3Casynchronous+suspension%3E%0A%236++++++_copyNativeCodeAssetsToBundleOnWindowsLinux+%28package%3Aflutter_tools%2Fsrc%2Fisolated%2Fnative_assets%2Fnative_assets.dart%3A649%3A5%29%0A%3Casynchronous+suspension%3E%0A%237++++++_copyNativeCodeAssetsForOS+%28package%3Aflutter_tools%2Fsrc%2Fisolated%2Fnative_assets%2Fnative_assets.dart%3A463%3A7%29%0A%3Casynchronous+suspension%3E%0A%238++++++installCodeAssets+%28package%3Aflutter_tools%2Fsrc%2Fisolated%2Fnative_assets%2Fnative_assets.dart%3A119%3A3%29%0A%3Casynchronous+suspension%3E%0A%239++++++testCompilerBuildNativeAssets+%28package%3Aflutter_tools%2Fsrc%2Fisolated%2Fnative_assets%2Ftest%2Fnative_assets.dart%3A79%3A3%29%0A%3Casynchronous+suspension%3E%0A%2310+++++TestCommand.runCommand+%28package%3Aflutter_tools%2Fsrc%2Fcommands%2Ftest.dart%3A484%3A11%29%0A%3Casynchronous+suspension%3E%0A%2311+++++FlutterCommand.run.%3Canonymous+closure%3E+%28package%3Aflutter_tools%2Fsrc%2Frunner%2Fflutter_command.dart%3A1590%3A27%29%0A%3Casynchronous+suspension%3E%0A%2312+++++AppContext.run.%3Canonymous+closure%3E+%28package%3Aflutter_tools%2Fsrc%2Fbase%2Fcontext.dart%3A154%3A19%29%0A%3Casynchronous+suspension%3E%0A%2313+++++CommandRunner.runCommand+%28package%3Aargs%2Fcommand_runner.dart%3A212%3A13%29%0A%3Casynchronous+suspension%3E%0A%60%60%60%0A%60%60%60console%0A%5B%E2%9C%93%5D+Flutter+%28Channel+stable%2C+3.41.6%2C+on+Microsoft+Windows+%5BVersi%C2%A2n+10.0.26200.8246%5D%2C+locale+es-CL%29+%5B165ms%5D%0A++++%E2%80%A2+Flutter+version+3.41.6+on+channel+stable+at+Z%3A%5Cflutter%0A++++%E2%80%A2+Upstream+repository+https%3A%2F%2Fgithub.com%2Fflutter%2Fflutter.git%0A++++%E2%80%A2+Framework+revision+db50e20168+%284+weeks+ago%29%2C+2026-03-25+16%3A21%3A00+-0700%0A++++%E2%80%A2+Engine+revision+425cfb54d0%0A++++%E2%80%A2+Dart+version+3.11.4%0A++++%E2%80%A2+DevTools+version+2.54.2%0A++++%E2%80%A2+Feature+flags%3A+enable-web%2C+enable-linux-desktop%2C+enable-macos-desktop%2C+enable-windows-desktop%2C+enable-android%2C+enable-ios%2C+cli-animations%2C+enable-native-assets%2C+omit-legacy-version-file%2C+enable-lldb-debugging%2C+enable-uiscene-migration%0A%0A%5B%E2%9C%93%5D+Windows+Version+%28Windows+11+or+higher%2C+25H2%2C+2009%29+%5B401ms%5D%0A%0A%5B%E2%9C%97%5D+Android+toolchain+-+develop+for+Android+devices+%5B59ms%5D%0A++++%E2%9C%97+Unable+to+locate+Android+SDK.%0A++++++Install+Android+Studio+from%3A+https%3A%2F%2Fdeveloper.android.com%2Fstudio%2Findex.html%0A++++++On+first+launch+it+will+assist+you+in+installing+the+Android+SDK+components.%0A++++++%28or+visit+https%3A%2F%2Fflutter.dev%2Fto%2Fwindows-android-setup+for+detailed+instructions%29.%0A++++++If+the+Android+SDK+has+been+installed+to+a+custom+location%2C+please+use%0A++++++%60flutter+config+--android-sdk%60+to+update+to+that+location.%0A%0A%0A%5B%E2%9C%93%5D+Chrome+-+develop+for+the+web+%5B48ms%5D%0A++++%E2%80%A2+Chrome+at+C%3A%5CProgram+Files%5CGoogle%5CChrome%5CApplication%5Cchrome.exe%0A%0A%5B%E2%9C%93%5D+Visual+Studio+-+develop+Windows+apps+%28Visual+Studio+Community+2026+18.4.4%29+%5B48ms%5D%0A++++%E2%80%A2+Visual+Studio+at+C%3A%5CProgram+Files%5CMicrosoft+Visual+Studio%5C18%5CCommunity%0A++++%E2%80%A2+Visual+Studio+Community+2026+version+18.4.11702.344%0A++++%E2%80%A2+Windows+10+SDK+version+10.0.26100.0%0A%0A%5B%E2%9C%93%5D+Connected+device+%282+available%29+%5B53ms%5D%0A++++%E2%80%A2+Windows+%28desktop%29+%E2%80%A2+windows+%E2%80%A2+windows-x64++++%E2%80%A2+Microsoft+Windows+%5BVersi%C2%A2n+10.0.26200.8246%5D%0A++++%E2%80%A2+Chrome+%28web%29++++++%E2%80%A2+chrome++%E2%80%A2+web-javascript+%E2%80%A2+Google+Chrome+147.0.7727.116%0A%0A%5B%E2%9C%93%5D+Network+resources+%5B261ms%5D%0A++++%E2%80%A2+All+expected+network+resources+are+available.%0A%0A%21+Doctor+found+issues+in+1+category.%0A%0A%60%60%60%0A%0A%23%23+Flutter+Application+Metadata%0A%2A%2AType%2A%2A%3A+app%0A%2A%2AVersion%2A%2A%3A+0.0.0-dev%0A%2A%2AMaterial%2A%2A%3A+true%0A%2A%2AAndroid+X%2A%2A%3A+false%0A%2A%2AModule%2A%2A%3A+false%0A%2A%2APlugin%2A%2A%3A+false%0A%2A%2AAndroid+package%2A%2A%3A+null%0A%2A%2AiOS+bundle+identifier%2A%2A%3A+null%0A%2A%2ACreation+channel%2A%2A%3A+stable%0A%2A%2ACreation+framework+version%2A%2A%3A+48c32af0345e9ad5747f78ddce828c7f795f7159%0A%23%23%23+Plugins%0Afile_picker-10.3.10%0Apath_provider_foundation-2.6.0%0Asqlite3_flutter_libs-0.5.42%0Aflutter_plugin_android_lifecycle-2.0.34%0Ajni-1.0.0%0Ajni_flutter-1.0.1%0Apath_provider_android-2.3.1%0Aauto_updater_macos-1.0.0%0Ahotkey_manager_macos-0.2.0%0Alistener%0Amacos_window_utils-1.9.1%0Ascreen_retriever_macos-0.2.0%0Atray_manager-0.5.2%0Awindow_manager-0.5.1%0Aflutter_acrylic-1.1.4%0Ahotkey_manager_linux-0.2.0%0Apath_provider_linux-2.2.1%0Ascreen_retriever_linux-0.2.0%0Aauto_updater_windows-1.0.0%0Ahotkey_manager_windows-0.2.0%0Apath_provider_windows-2.3.0%0Ascreen_retriever_windows-0.2.0%0A%0A&labels=tool%2Csevere%3A+crash

